-hide_banner
-nostdin
-y
-nostats
-loglevel
error
-progress
pipe:1
-stats_period
1
-i
/media/movies/Example (2019)/Example (2019).mkv
-map
0:v:0
-map
0:a:0
-map
0:a:0
-map
0:a:1
-map_metadata
0
-map_chapters
0
-c:v
libx265
-preset
slow
-crf
22
-pix_fmt
yuv420p10le
-profile:v
main10
-flags
+cgop
-g
240
-keyint_min
24
-bf
8
-x265-params
pools=8:frame-threads=0:ref=4:rc-lookahead=40:aq-mode=3
-c:a:0
aac
-b:a:0
512k
-metadata:s:a:0
language=eng
-disposition:a:0
default
-c:a:1
copy
-metadata:s:a:1
language=eng
-c:a:2
aac
-b:a:2
128k
-metadata:s:a:2
language=eng
-c:s
copy
-c:t
copy
-metadata
CLUSTARR_PROFILE=hevc10-aac-space@abc12345
-f
matroska
/media/movies/Example (2019)/Example (2019).part.mkv
