-hide_banner
-nostdin
-y
-nostats
-loglevel
error
-progress
pipe:1
-stats_period
1
-init_hw_device
qsv=hw
-filter_hw_device
hw
-hwaccel
qsv
-hwaccel_output_format
qsv
-i
/media/movies/Example (2019)/Example (2019).mkv
-map
0:v:0
-map
0:a:0
-map_metadata
0
-map_chapters
0
-vf
vpp_qsv=format=p010
-c:v
hevc_qsv
-preset
veryslow
-global_quality
22
-extbrc
1
-look_ahead_depth
40
-scenario
archive
-profile:v
main10
-c:a:0
aac
-b:a:0
128k
-metadata:s:a:0
language=eng
-disposition:a:0
default
-c:s
copy
-c:t
copy
-metadata
CLUSTARR_PROFILE=hevc10-aac-space@abc12345
-f
matroska
/media/movies/Example (2019)/Example (2019).part.mkv
