-hide_banner
-nostdin
-y
-nostats
-loglevel
error
-progress
pipe:1
-stats_period
1
-i
/media/movies/Example (2019)/Example (2019).mkv
-map
0:v:0
-map
0:a:0
-map_metadata
0
-map_chapters
0
-vf
setparams=color_primaries=bt2020:color_trc=smpte2084:colorspace=bt2020nc:range=tv
-c:v
libx265
-preset
slow
-crf
22
-pix_fmt
yuv420p10le
-profile:v
main10
-flags
+cgop
-g
240
-keyint_min
24
-bf
8
-x265-params
pools=8:frame-threads=0:ref=4:rc-lookahead=40:hdr10=1:hdr10-opt=1:repeat-headers=1:colorprim=bt2020:transfer=smpte2084:colormatrix=bt2020nc:range=limited:master-display=G(13250,34500)B(7500,3000)R(34000,16000)WP(15635,16450)L(10000000,1):max-cll=1000,400
-c:a:0
aac
-b:a:0
128k
-metadata:s:a:0
language=eng
-disposition:a:0
default
-c:s
copy
-c:t
copy
-metadata
CLUSTARR_PROFILE=hevc10-aac-space@abc12345
-f
matroska
/media/movies/Example (2019)/Example (2019).part.mkv
